exports[`test default snapshot for add 1`] = `4000`;
